dictGet	dict_array	(-100,-42)	qqq	101
dictGet	dict_array	(-1,0)	Click South	423
dictGet	dict_array	(-0.1,0)	Click South	423
dictGet	dict_array	(0,-2)	Click West	424
dictGet	dict_array	(0,-1.1)	Click West	424
dictGet	dict_array	(0,1.1)	Click North	422
dictGet	dict_array	(0,2)	Click North	422
dictGet	dict_array	(0.1,0)	Click East	421
dictGet	dict_array	(0.99,2.99)	Click North	422
dictGet	dict_array	(1,0)	Click East	421
dictGet	dict_array	(3,3)	House	314159
dictGet	dict_array	(5,6)	Click	42
dictGet	dict_array	(7.01,7.01)	qqq	101
dictGetOrDefault	dict_array	(-100,-42)	www	1234
dictGetOrDefault	dict_array	(-1,0)	Click South	423
dictGetOrDefault	dict_array	(-0.1,0)	Click South	423
dictGetOrDefault	dict_array	(0,-2)	Click West	424
dictGetOrDefault	dict_array	(0,-1.1)	Click West	424
dictGetOrDefault	dict_array	(0,1.1)	Click North	422
dictGetOrDefault	dict_array	(0,2)	Click North	422
dictGetOrDefault	dict_array	(0.1,0)	Click East	421
dictGetOrDefault	dict_array	(0.99,2.99)	Click North	422
dictGetOrDefault	dict_array	(1,0)	Click East	421
dictGetOrDefault	dict_array	(3,3)	House	314159
dictGetOrDefault	dict_array	(5,6)	Click	42
dictGetOrDefault	dict_array	(7.01,7.01)	www	1234
dictGetOrDefault	dict_array	(-100,-42)	dd	44
dictGetOrDefault	dict_array	(-1,0)	Click South	423
dictGetOrDefault	dict_array	(-0.1,0)	Click South	423
dictGetOrDefault	dict_array	(0,-2)	Click West	424
dictGetOrDefault	dict_array	(0,-1.1)	Click West	424
dictGetOrDefault	dict_array	(0,1.1)	Click North	422
dictGetOrDefault	dict_array	(0,2)	Click North	422
dictGetOrDefault	dict_array	(0.1,0)	Click East	421
dictGetOrDefault	dict_array	(0.99,2.99)	Click North	422
dictGetOrDefault	dict_array	(1,0)	Click East	421
dictGetOrDefault	dict_array	(3,3)	House	314159
dictGetOrDefault	dict_array	(5,6)	Click	42
dictGetOrDefault	dict_array	(7.01,7.01)	ee	55
dictGet	dict_tuple	(-100,-42)	qqq	101
dictGet	dict_tuple	(-1,0)	Click South	423
dictGet	dict_tuple	(-0.1,0)	Click South	423
dictGet	dict_tuple	(0,-2)	Click West	424
dictGet	dict_tuple	(0,-1.1)	Click West	424
dictGet	dict_tuple	(0,1.1)	Click North	422
dictGet	dict_tuple	(0,2)	Click North	422
dictGet	dict_tuple	(0.1,0)	Click East	421
dictGet	dict_tuple	(0.99,2.99)	Click North	422
dictGet	dict_tuple	(1,0)	Click East	421
dictGet	dict_tuple	(3,3)	House	314159
dictGet	dict_tuple	(5,6)	Click	42
dictGet	dict_tuple	(7.01,7.01)	qqq	101
dictGetOrDefault	dict_tuple	(-100,-42)	www	1234
dictGetOrDefault	dict_tuple	(-1,0)	Click South	423
dictGetOrDefault	dict_tuple	(-0.1,0)	Click South	423
dictGetOrDefault	dict_tuple	(0,-2)	Click West	424
dictGetOrDefault	dict_tuple	(0,-1.1)	Click West	424
dictGetOrDefault	dict_tuple	(0,1.1)	Click North	422
dictGetOrDefault	dict_tuple	(0,2)	Click North	422
dictGetOrDefault	dict_tuple	(0.1,0)	Click East	421
dictGetOrDefault	dict_tuple	(0.99,2.99)	Click North	422
dictGetOrDefault	dict_tuple	(1,0)	Click East	421
dictGetOrDefault	dict_tuple	(3,3)	House	314159
dictGetOrDefault	dict_tuple	(5,6)	Click	42
dictGetOrDefault	dict_tuple	(7.01,7.01)	www	1234
dictGetOrDefault	dict_tuple	(-100,-42)	dd	44
dictGetOrDefault	dict_tuple	(-1,0)	Click South	423
dictGetOrDefault	dict_tuple	(-0.1,0)	Click South	423
dictGetOrDefault	dict_tuple	(0,-2)	Click West	424
dictGetOrDefault	dict_tuple	(0,-1.1)	Click West	424
dictGetOrDefault	dict_tuple	(0,1.1)	Click North	422
dictGetOrDefault	dict_tuple	(0,2)	Click North	422
dictGetOrDefault	dict_tuple	(0.1,0)	Click East	421
dictGetOrDefault	dict_tuple	(0.99,2.99)	Click North	422
dictGetOrDefault	dict_tuple	(1,0)	Click East	421
dictGetOrDefault	dict_tuple	(3,3)	House	314159
dictGetOrDefault	dict_tuple	(5,6)	Click	42
dictGetOrDefault	dict_tuple	(7.01,7.01)	ee	55
dictHas	dict_array	(-100,-42)	0
dictHas	dict_array	(-1,0)	1
dictHas	dict_array	(-0.1,0)	1
dictHas	dict_array	(0,-2)	1
dictHas	dict_array	(0,-1.1)	1
dictHas	dict_array	(0,1.1)	1
dictHas	dict_array	(0,2)	1
dictHas	dict_array	(0.1,0)	1
dictHas	dict_array	(0.99,2.99)	1
dictHas	dict_array	(1,0)	1
dictHas	dict_array	(3,3)	1
dictHas	dict_array	(5,6)	1
dictHas	dict_array	(7.01,7.01)	0
dictHas	dict_tuple	(-100,-42)	0
dictHas	dict_tuple	(-1,0)	1
dictHas	dict_tuple	(-0.1,0)	1
dictHas	dict_tuple	(0,-2)	1
dictHas	dict_tuple	(0,-1.1)	1
dictHas	dict_tuple	(0,1.1)	1
dictHas	dict_tuple	(0,2)	1
dictHas	dict_tuple	(0.1,0)	1
dictHas	dict_tuple	(0.99,2.99)	1
dictHas	dict_tuple	(1,0)	1
dictHas	dict_tuple	(3,3)	1
dictHas	dict_tuple	(5,6)	1
dictHas	dict_tuple	(7.01,7.01)	0
